// Jest Snapshot v1, https://goo.gl/fbAQLP

exports[`< App />  matches snapshot 1`] = `
<h1>
  Hello World 
</h1>
`;
